{
  "version": "1.5.0",
  "plugins_used": [
    {
      "name": "ArtifactoryDetector"
    },
    {
      "name": "AWSKeyDetector"
    },
    {
      "name": "AzureStorageKeyDetector"
    },
    {
      "name": "Base64HighEntropyString",
      "limit": 4.5
    },
    {
      "name": "BasicAuthDetector"
    },
    {
      "name": "CloudantDetector"
    },
    {
      "name": "DiscordBotTokenDetector"
    },
    {
      "name": "GitHubTokenDetector"
    },
    {
      "name": "GitLabTokenDetector"
    },
    {
      "name": "HexHighEntropyString",
      "limit": 3.0
    },
    {
      "name": "IbmCloudIamDetector"
    },
    {
      "name": "IbmCosHmacDetector"
    },
    {
      "name": "IPPublicDetector"
    },
    {
      "name": "JwtTokenDetector"
    },
    {
      "name": "KeywordDetector",
      "keyword_exclude": ""
    },
    {
      "name": "MailchimpDetector"
    },
    {
      "name": "NpmDetector"
    },
    {
      "name": "OpenAIDetector"
    },
    {
      "name": "PrivateKeyDetector"
    },
    {
      "name": "PypiTokenDetector"
    },
    {
      "name": "SendGridDetector"
    },
    {
      "name": "SlackDetector"
    },
    {
      "name": "SoftlayerDetector"
    },
    {
      "name": "SquareOAuthDetector"
    },
    {
      "name": "StripeDetector"
    },
    {
      "name": "TelegramBotTokenDetector"
    },
    {
      "name": "TwilioKeyDetector"
    }
  ],
  "filters_used": [
    {
      "path": "detect_secrets.filters.allowlist.is_line_allowlisted"
    },
    {
      "path": "detect_secrets.filters.common.is_baseline_file",
      "filename": ".secrets.baseline"
    },
    {
      "path": "detect_secrets.filters.common.is_ignored_due_to_verification_policies",
      "min_level": 2
    },
    {
      "path": "detect_secrets.filters.heuristic.is_indirect_reference"
    },
    {
      "path": "detect_secrets.filters.heuristic.is_likely_id_string"
    },
    {
      "path": "detect_secrets.filters.heuristic.is_lock_file"
    },
    {
      "path": "detect_secrets.filters.heuristic.is_not_alphanumeric_string"
    },
    {
      "path": "detect_secrets.filters.heuristic.is_potential_uuid"
    },
    {
      "path": "detect_secrets.filters.heuristic.is_prefixed_with_dollar_sign"
    },
    {
      "path": "detect_secrets.filters.heuristic.is_sequential_string"
    },
    {
      "path": "detect_secrets.filters.heuristic.is_swagger_file"
    },
    {
      "path": "detect_secrets.filters.heuristic.is_templated_secret"
    }
  ],
  "results": {
    ".env.mcp.example": [
      {
        "type": "Basic Auth Credentials",
        "filename": ".env.mcp.example",
        "hashed_secret": "5baa61e4c9b93f3f0682250b6cf8331b7ee68fd8",
        "is_verified": false,
        "line_number": 21
      },
      {
        "type": "Basic Auth Credentials",
        "filename": ".env.mcp.example",
        "hashed_secret": "afc848c316af1a89d49826c5ae9d00ed769415f3",
        "is_verified": false,
        "line_number": 22
      }
    ],
    ".pre-commit-config.yaml": [
      {
        "type": "Hex High Entropy String",
        "filename": ".pre-commit-config.yaml",
        "hashed_secret": "a6a0ba7241c2c0e8d2cb5980e4ebad99a38c4fc0",
        "is_verified": false,
        "line_number": 28
      },
      {
        "type": "Hex High Entropy String",
        "filename": ".pre-commit-config.yaml",
        "hashed_secret": "536fcc15e6964cb1382d3b8057ab3a0274c04d56",
        "is_verified": false,
        "line_number": 66
      },
      {
        "type": "Hex High Entropy String",
        "filename": ".pre-commit-config.yaml",
        "hashed_secret": "75de706b05bf20f4edb57a81865f308e07908996",
        "is_verified": false,
        "line_number": 91
      },
      {
        "type": "Hex High Entropy String",
        "filename": ".pre-commit-config.yaml",
        "hashed_secret": "d40b1023006fe5cc80d97a9d7ac6e0cd6c0daedb",
        "is_verified": false,
        "line_number": 140
      },
      {
        "type": "Hex High Entropy String",
        "filename": ".pre-commit-config.yaml",
        "hashed_secret": "d2a5cd67c2ca38adbb195cba56bfdfb1c57f3426",
        "is_verified": false,
        "line_number": 149
      },
      {
        "type": "Hex High Entropy String",
        "filename": ".pre-commit-config.yaml",
        "hashed_secret": "ae599e2a19541d5442ce8d183650de9a35d2a78e",
        "is_verified": false,
        "line_number": 236
      },
      {
        "type": "Hex High Entropy String",
        "filename": ".pre-commit-config.yaml",
        "hashed_secret": "03eb48d08c40ad7d9eb94cf90c779121f9f20f37",
        "is_verified": false,
        "line_number": 272
      }
    ],
    ".qlty/qlty.toml": [
      {
        "type": "Secret Keyword",
        "filename": ".qlty/qlty.toml",
        "hashed_secret": "f34cbca70da40924621696ada8300cdb9db482b1",
        "is_verified": false,
        "line_number": 124
      }
    ],
    "docs/guides/testing-guide.md": [
      {
        "type": "Secret Keyword",
        "filename": "docs/guides/testing-guide.md",
        "hashed_secret": "e063c1a3a1cbb1d869ee76275052726a3ae4d013",
        "is_verified": false,
        "line_number": 2013
      },
      {
        "type": "Secret Keyword",
        "filename": "docs/guides/testing-guide.md",
        "hashed_secret": "9fb7fe1217aed442b04c0f5e43b5d5a7d3287097",
        "is_verified": false,
        "line_number": 2022
      },
      {
        "type": "Secret Keyword",
        "filename": "docs/guides/testing-guide.md",
        "hashed_secret": "a4b48a81cdab1e1a5dd37907d6c85ca1c61ddc7c",
        "is_verified": false,
        "line_number": 2093
      }
    ],
    "mcp/README.md": [
      {
        "type": "Secret Keyword",
        "filename": "mcp/README.md",
        "hashed_secret": "e679b710d9caa3fb5f3b424980c928523d4dca58",
        "is_verified": false,
        "line_number": 58
      },
      {
        "type": "Secret Keyword",
        "filename": "mcp/README.md",
        "hashed_secret": "ed956f9c48fe60355ceb361177d76ed5906bf227",
        "is_verified": false,
        "line_number": 59
      }
    ],
    "skills-lock.json": [
      {
        "type": "Hex High Entropy String",
        "filename": "skills-lock.json",
        "hashed_secret": "233b3ac3e3f915bb0a060db487666afe65d09cb0",
        "is_verified": false,
        "line_number": 7
      }
    ],
    "tests/test_validate_mcp_env.bats": [
      {
        "type": "Secret Keyword",
        "filename": "tests/test_validate_mcp_env.bats",
        "hashed_secret": "00942f4668670f34c5943cf52c7ef3139fe2b8d6",
        "is_verified": false,
        "line_number": 23
      }
    ],
    "tools/renovate/README.md": [
      {
        "type": "Secret Keyword",
        "filename": "tools/renovate/README.md",
        "hashed_secret": "5e6c95239cae086bfefbb12913ded1c499562305",
        "is_verified": false,
        "line_number": 16
      }
    ]
  },
  "generated_at": "2026-05-21T16:46:22Z"
}
